// Jest Snapshot v1, https://goo.gl/fbAQLP

exports[`should load dashboard page 1`] = `
<div>
  <h3>
    Expenses Dashboard
  </h3>
  <Connect(ExpenseListFilter) />
  <h4>
    List of Expenses
  </h4>
  <Connect(ExpenseList) />
</div>
`;
