// Jest Snapshot v1, https://goo.gl/fbAQLP

exports[`should render expense list item 1`] = `
<div>
  <Link
    to="/edit/1"
  >
    <h3>
      Gum
       
    </h3>
  </Link>
  <p>
    Amount : 
    195
  </p>
  <p>
    Created At : 
    0
  </p>
  <button
    onClick={[Function]}
  >
    Remove
  </button>
</div>
`;
