// Jest Snapshot v1, https://goo.gl/fbAQLP

exports[`should load expense list 1`] = `
<div>
  <Connect(ExpenseListItem)
    expense={
      Object {
        "amount": 195,
        "createdAt": 0,
        "description": "Gum",
        "id": "1",
        "note": "",
      }
    }
    key="1"
  />
  <Connect(ExpenseListItem)
    expense={
      Object {
        "amount": 109500,
        "createdAt": -345600000,
        "description": "Rent",
        "id": "2",
        "note": "",
      }
    }
    key="2"
  />
  <Connect(ExpenseListItem)
    expense={
      Object {
        "amount": 4500,
        "createdAt": 345600000,
        "description": "Credit Card",
        "id": "3",
        "note": "",
      }
    }
    key="3"
  />
</div>
`;

exports[`should load expense list with empty array 1`] = `
<div>
  <p>
    No expenses available
  </p>
</div>
`;
