// Jest Snapshot v1, https://goo.gl/fbAQLP

exports[`should render header component 1`] = `
<header>
  <h1>
    Expensify
  </h1>
  <NavLink
    to="/"
  >
    Home |
  </NavLink>
  <NavLink
    to="/create"
  >
    Create |
  </NavLink>
  <NavLink
    to="/edit"
  >
    Edit |
  </NavLink>
  <NavLink
    to="/help"
  >
    Help
  </NavLink>
</header>
`;
